// Jest Snapshot v1, https://goo.gl/fbAQLP

exports[`Address component renders add address route correctly 1`] = `
<DocumentFragment>
  <div
    class="address-dashboard"
  >
    Page404 Component
  </div>
</DocumentFragment>
`;

exports[`Address component renders address dashboard correctly 1`] = `
<DocumentFragment>
  <div
    class="address-dashboard"
  >
    Page404 Component
  </div>
</DocumentFragment>
`;

exports[`Address component renders edit address route correctly 1`] = `
<DocumentFragment>
  <div
    class="address-dashboard"
  >
    Page404 Component
  </div>
</DocumentFragment>
`;
