// Jest Snapshot v1, https://goo.gl/fbAQLP

exports[`AuthSuccess component redirects when authenticated 1`] = `<DocumentFragment />`;

exports[`AuthSuccess component renders loading state when not authenticated 1`] = `
<DocumentFragment>
  <div
    class="spinner-container position-fixed overlay "
  >
    <div
      class="spinner position-fixed overlay"
    />
  </div>
</DocumentFragment>
`;
