// Jest Snapshot v1, https://goo.gl/fbAQLP

exports[`ForgotPassword component redirects to dashboard if authenticated 1`] = `<DocumentFragment />`;

exports[`ForgotPassword component renders correctly 1`] = `
<DocumentFragment>
  <div
    class="forgot-password-form"
  >
    <h3>
      Reset Your Password
    </h3>
    <hr />
    <form>
      <div
        class="row"
      >
        <div
          class="col-12 col-md-6"
        >
          <input
            data-testid="email-input"
            name="email"
            placeholder="Enter Your Email Address"
            type="text"
            value=""
          />
        </div>
      </div>
      <hr />
      <div
        class="d-flex flex-column flex-md-row align-items-md-center justify-content-between"
      >
        <button
          class="mb-3 mb-md-0"
          data-testid="submit-button"
          type="submit"
        >
          Send Reset Link
        </button>
        <a
          class="redirect-link"
          href="/login"
        >
          Return to Login
        </a>
      </div>
    </form>
  </div>
</DocumentFragment>
`;

exports[`ForgotPassword component renders form errors correctly 1`] = `
<DocumentFragment>
  <div
    class="forgot-password-form"
  >
    <h3>
      Reset Your Password
    </h3>
    <hr />
    <form>
      <div
        class="row"
      >
        <div
          class="col-12 col-md-6"
        >
          <input
            data-testid="email-input"
            name="email"
            placeholder="Enter Your Email Address"
            type="text"
            value=""
          />
        </div>
      </div>
      <hr />
      <div
        class="d-flex flex-column flex-md-row align-items-md-center justify-content-between"
      >
        <button
          class="mb-3 mb-md-0"
          data-testid="submit-button"
          type="submit"
        >
          Send Reset Link
        </button>
        <a
          class="redirect-link"
          href="/login"
        >
          Return to Login
        </a>
      </div>
    </form>
  </div>
</DocumentFragment>
`;
