// Jest Snapshot v1, https://goo.gl/fbAQLP

exports[`Notification component renders correctly when hidden 1`] = `
<DocumentFragment>
  <div
    class="notifications-wrapper"
  />
</DocumentFragment>
`;

exports[`Notification component renders error notification correctly 1`] = `
<DocumentFragment>
  <div
    class="notifications-wrapper"
  />
</DocumentFragment>
`;

exports[`Notification component renders success notification correctly 1`] = `
<DocumentFragment>
  <div
    class="notifications-wrapper"
  />
</DocumentFragment>
`;
