// Jest Snapshot v1, https://goo.gl/fbAQLP

exports[`ResetPasswordForm component matches snapshot 1`] = `
<DocumentFragment>
  <div
    class="reset-password-form"
  >
    <form
      novalidate=""
    >
      <div
        class="row"
      >
        <div
          class="col-12 col-lg-6"
        >
          <div
            class="input-box "
          >
            <label>
              Password
            </label>
            <div
              class="input-text-block"
            >
              <input
                autocomplete="on"
                class="input-text"
                name="password"
                placeholder="Password"
                type="password"
                value=""
              />
            </div>
            <span
              class="invalid-message"
            />
          </div>
        </div>
        <div
          class="col-12 col-lg-6"
        >
          <div
            class="input-box "
          >
            <label>
              Confirm Password
            </label>
            <div
              class="input-text-block"
            >
              <input
                autocomplete="on"
                class="input-text"
                name="confirmPassword"
                placeholder="Confirm Password"
                type="password"
                value=""
              />
            </div>
            <span
              class="invalid-message"
            />
          </div>
        </div>
      </div>
      <hr />
      <div
        class="reset-actions"
      >
        <button
          class="input-btn custom-btn-secondary md text-only icon-left "
          style="border-radius: 3px;"
          type="submit"
        >
          <span
            class="btn-text"
          >
            Reset Password
          </span>
        </button>
      </div>
    </form>
  </div>
</DocumentFragment>
`;
